// Jest Snapshot v1, https://goo.gl/fbAQLP

exports[`Add New Role Component Test should render component AddNewRole correctly 1`] = `
ShallowWrapper {
  Symbol(enzyme.__root__): [Circular],
  Symbol(enzyme.__unrendered__): <UNDEFINED
    store={
      Object {
        "clearActions": [Function],
        "dispatch": [Function],
        "getActions": [Function],
        "getState": [Function],
        "replaceReducer": [Function],
        "subscribe": [Function],
      }
    }
  />,
  Symbol(enzyme.__renderer__): Object {
    "batchedUpdates": [Function],
    "checkPropTypes": [Function],
    "getNode": [Function],
    "render": [Function],
    "simulateError": [Function],
    "simulateEvent": [Function],
    "unmount": [Function],
  },
  Symbol(enzyme.__node__): Object {
    "instance": null,
    "key": undefined,
    "nodeType": "function",
    "props": Object {
      "children": <ForwardRef
        accessControlsByModule={Array []}
        action={
          Object {
            "addRole": [Function],
            "getRoles": [Function],
            "updateRole": [Function],
          }
        }
        destroyOnUnmount={true}
        enableReinitialize={false}
        forceUnregisterOnUnmount={false}
        form="addNewRole"
        getFormState={[Function]}
        initialValues={
          Object {
            "active": true,
            "name": "",
            "organisation_id": null,
          }
        }
        keepDirtyOnReinitialize={false}
        persistentSubmitErrors={false}
        pure={true}
        rolePermissionAction={
          Object {
            "addRolePermission": [Function],
            "getPermissionsByAllRole": [Function],
            "getPermissionsByRole": [Function],
          }
        }
        roles={Array []}
        shouldAsyncValidate={[Function]}
        shouldError={[Function]}
        shouldValidate={[Function]}
        shouldWarn={[Function]}
        store={
          Object {
            "clearActions": [Function],
            "dispatch": [Function],
            "getActions": [Function],
            "getState": [Function],
            "replaceReducer": [Function],
            "subscribe": [Function],
          }
        }
        submitAsSideEffect={false}
        touchOnBlur={true}
        touchOnChange={false}
        updateUnregisteredFields={false}
        validate={[Function]}
      />,
      "value": null,
    },
    "ref": null,
    "rendered": Object {
      "instance": null,
      "key": undefined,
      "nodeType": "function",
      "props": Object {
        "accessControlsByModule": Array [],
        "action": Object {
          "addRole": [Function],
          "getRoles": [Function],
          "updateRole": [Function],
        },
        "destroyOnUnmount": true,
        "enableReinitialize": false,
        "forceUnregisterOnUnmount": false,
        "form": "addNewRole",
        "getFormState": [Function],
        "initialValues": Object {
          "active": true,
          "name": "",
          "organisation_id": null,
        },
        "keepDirtyOnReinitialize": false,
        "persistentSubmitErrors": false,
        "pure": true,
        "rolePermissionAction": Object {
          "addRolePermission": [Function],
          "getPermissionsByAllRole": [Function],
          "getPermissionsByRole": [Function],
        },
        "roles": Array [],
        "shouldAsyncValidate": [Function],
        "shouldError": [Function],
        "shouldValidate": [Function],
        "shouldWarn": [Function],
        "store": Object {
          "clearActions": [Function],
          "dispatch": [Function],
          "getActions": [Function],
          "getState": [Function],
          "replaceReducer": [Function],
          "subscribe": [Function],
        },
        "submitAsSideEffect": false,
        "touchOnBlur": true,
        "touchOnChange": false,
        "updateUnregisteredFields": false,
        "validate": [Function],
      },
      "ref": null,
      "rendered": null,
      "type": Object {
        "$$typeof": Symbol(react.forward_ref),
        "defaultProps": Object {
          "destroyOnUnmount": true,
          "enableReinitialize": false,
          "forceUnregisterOnUnmount": false,
          "form": "addNewRole",
          "getFormState": [Function],
          "keepDirtyOnReinitialize": false,
          "persistentSubmitErrors": false,
          "pure": true,
          "shouldAsyncValidate": [Function],
          "shouldError": [Function],
          "shouldValidate": [Function],
          "shouldWarn": [Function],
          "submitAsSideEffect": false,
          "touchOnBlur": true,
          "touchOnChange": false,
          "updateUnregisteredFields": false,
          "validate": [Function],
        },
        "displayName": "ReduxForm",
        "render": [Function],
        Symbol(Symbol.hasInstance): [Function],
      },
    },
    "type": Object {
      "$$typeof": Symbol(react.provider),
      "_context": Object {
        "$$typeof": Symbol(react.context),
        "Consumer": Object {
          "$$typeof": Symbol(react.context),
          "_calculateChangedBits": null,
          "_context": [Circular],
        },
        "Provider": [Circular],
        "_calculateChangedBits": null,
        "_currentRenderer": null,
        "_currentRenderer2": null,
        "_currentValue": null,
        "_currentValue2": null,
        "_threadCount": 0,
      },
    },
  },
  Symbol(enzyme.__nodes__): Array [
    Object {
      "instance": null,
      "key": undefined,
      "nodeType": "function",
      "props": Object {
        "children": <ForwardRef
          accessControlsByModule={Array []}
          action={
            Object {
              "addRole": [Function],
              "getRoles": [Function],
              "updateRole": [Function],
            }
          }
          destroyOnUnmount={true}
          enableReinitialize={false}
          forceUnregisterOnUnmount={false}
          form="addNewRole"
          getFormState={[Function]}
          initialValues={
            Object {
              "active": true,
              "name": "",
              "organisation_id": null,
            }
          }
          keepDirtyOnReinitialize={false}
          persistentSubmitErrors={false}
          pure={true}
          rolePermissionAction={
            Object {
              "addRolePermission": [Function],
              "getPermissionsByAllRole": [Function],
              "getPermissionsByRole": [Function],
            }
          }
          roles={Array []}
          shouldAsyncValidate={[Function]}
          shouldError={[Function]}
          shouldValidate={[Function]}
          shouldWarn={[Function]}
          store={
            Object {
              "clearActions": [Function],
              "dispatch": [Function],
              "getActions": [Function],
              "getState": [Function],
              "replaceReducer": [Function],
              "subscribe": [Function],
            }
          }
          submitAsSideEffect={false}
          touchOnBlur={true}
          touchOnChange={false}
          updateUnregisteredFields={false}
          validate={[Function]}
        />,
        "value": null,
      },
      "ref": null,
      "rendered": Object {
        "instance": null,
        "key": undefined,
        "nodeType": "function",
        "props": Object {
          "accessControlsByModule": Array [],
          "action": Object {
            "addRole": [Function],
            "getRoles": [Function],
            "updateRole": [Function],
          },
          "destroyOnUnmount": true,
          "enableReinitialize": false,
          "forceUnregisterOnUnmount": false,
          "form": "addNewRole",
          "getFormState": [Function],
          "initialValues": Object {
            "active": true,
            "name": "",
            "organisation_id": null,
          },
          "keepDirtyOnReinitialize": false,
          "persistentSubmitErrors": false,
          "pure": true,
          "rolePermissionAction": Object {
            "addRolePermission": [Function],
            "getPermissionsByAllRole": [Function],
            "getPermissionsByRole": [Function],
          },
          "roles": Array [],
          "shouldAsyncValidate": [Function],
          "shouldError": [Function],
          "shouldValidate": [Function],
          "shouldWarn": [Function],
          "store": Object {
            "clearActions": [Function],
            "dispatch": [Function],
            "getActions": [Function],
            "getState": [Function],
            "replaceReducer": [Function],
            "subscribe": [Function],
          },
          "submitAsSideEffect": false,
          "touchOnBlur": true,
          "touchOnChange": false,
          "updateUnregisteredFields": false,
          "validate": [Function],
        },
        "ref": null,
        "rendered": null,
        "type": Object {
          "$$typeof": Symbol(react.forward_ref),
          "defaultProps": Object {
            "destroyOnUnmount": true,
            "enableReinitialize": false,
            "forceUnregisterOnUnmount": false,
            "form": "addNewRole",
            "getFormState": [Function],
            "keepDirtyOnReinitialize": false,
            "persistentSubmitErrors": false,
            "pure": true,
            "shouldAsyncValidate": [Function],
            "shouldError": [Function],
            "shouldValidate": [Function],
            "shouldWarn": [Function],
            "submitAsSideEffect": false,
            "touchOnBlur": true,
            "touchOnChange": false,
            "updateUnregisteredFields": false,
            "validate": [Function],
          },
          "displayName": "ReduxForm",
          "render": [Function],
          Symbol(Symbol.hasInstance): [Function],
        },
      },
      "type": Object {
        "$$typeof": Symbol(react.provider),
        "_context": Object {
          "$$typeof": Symbol(react.context),
          "Consumer": Object {
            "$$typeof": Symbol(react.context),
            "_calculateChangedBits": null,
            "_context": [Circular],
          },
          "Provider": [Circular],
          "_calculateChangedBits": null,
          "_currentRenderer": null,
          "_currentRenderer2": null,
          "_currentValue": null,
          "_currentValue2": null,
          "_threadCount": 0,
        },
      },
    },
  ],
  Symbol(enzyme.__options__): Object {
    "adapter": ReactSixteenAdapter {
      "options": Object {
        "enableComponentDidUpdateOnSetState": true,
        "legacyContextMode": "parent",
        "lifecycles": Object {
          "componentDidUpdate": Object {
            "onSetState": true,
          },
          "getChildContext": Object {
            "calledByRenderer": false,
          },
          "getDerivedStateFromError": true,
          "getDerivedStateFromProps": Object {
            "hasShouldComponentUpdateBug": false,
          },
          "getSnapshotBeforeUpdate": true,
          "setState": Object {
            "skipsComponentDidUpdateOnNullish": true,
          },
        },
      },
    },
    "disableLifecycleMethods": true,
    Symbol(enzyme.__providerValues__): undefined,
  },
  Symbol(enzyme.__providerValues__): Map {},
}
`;
