// Jest Snapshot v1, https://goo.gl/fbAQLP

exports[`EditSingleService Component Test should render component Edit Single Service correctly 1`] = `
ShallowWrapper {
  Symbol(enzyme.__root__): [Circular],
  Symbol(enzyme.__unrendered__): <UNDEFINED
    store={
      Object {
        "clearActions": [Function],
        "dispatch": [Function],
        "getActions": [Function],
        "getState": [Function],
        "replaceReducer": [Function],
        "subscribe": [Function],
      }
    }
  />,
  Symbol(enzyme.__renderer__): Object {
    "batchedUpdates": [Function],
    "checkPropTypes": [Function],
    "getNode": [Function],
    "render": [Function],
    "simulateError": [Function],
    "simulateEvent": [Function],
    "unmount": [Function],
  },
  Symbol(enzyme.__node__): Object {
    "instance": null,
    "key": undefined,
    "nodeType": "function",
    "props": Object {
      "children": <ForwardRef
        addOrganization={[Function]}
        categories={Array []}
        connectServiceAgent={[Function]}
        deleteSAService={[Function]}
        destroyOnUnmount={true}
        enableReinitialize={true}
        forceUnregisterOnUnmount={false}
        form="EditSingleService"
        formValues={Object {}}
        getCurrentOrgDetails={[Function]}
        getFormState={[Function]}
        getOrganization={[Function]}
        getOtherServiceAgent={[Function]}
        getServiceAgent={[Function]}
        industries={Array []}
        initialValues={Object {}}
        isDirty={false}
        keepDirtyOnReinitialize={false}
        persistentSubmitErrors={false}
        pure={true}
        services={Array []}
        shouldAsyncValidate={[Function]}
        shouldError={[Function]}
        shouldValidate={[Function]}
        shouldWarn={[Function]}
        store={
          Object {
            "clearActions": [Function],
            "dispatch": [Function],
            "getActions": [Function],
            "getState": [Function],
            "replaceReducer": [Function],
            "subscribe": [Function],
          }
        }
        subCategories={Array []}
        submitAsSideEffect={false}
        touchOnBlur={true}
        touchOnChange={false}
        updateOrganization={[Function]}
        updateServiceAgentService={[Function]}
        updateUnregisteredFields={false}
        validate={[Function]}
      />,
      "value": null,
    },
    "ref": null,
    "rendered": Object {
      "instance": null,
      "key": undefined,
      "nodeType": "function",
      "props": Object {
        "addOrganization": [Function],
        "categories": Array [],
        "connectServiceAgent": [Function],
        "deleteSAService": [Function],
        "destroyOnUnmount": true,
        "enableReinitialize": true,
        "forceUnregisterOnUnmount": false,
        "form": "EditSingleService",
        "formValues": Object {},
        "getCurrentOrgDetails": [Function],
        "getFormState": [Function],
        "getOrganization": [Function],
        "getOtherServiceAgent": [Function],
        "getServiceAgent": [Function],
        "industries": Array [],
        "initialValues": Object {},
        "isDirty": false,
        "keepDirtyOnReinitialize": false,
        "persistentSubmitErrors": false,
        "pure": true,
        "services": Array [],
        "shouldAsyncValidate": [Function],
        "shouldError": [Function],
        "shouldValidate": [Function],
        "shouldWarn": [Function],
        "store": Object {
          "clearActions": [Function],
          "dispatch": [Function],
          "getActions": [Function],
          "getState": [Function],
          "replaceReducer": [Function],
          "subscribe": [Function],
        },
        "subCategories": Array [],
        "submitAsSideEffect": false,
        "touchOnBlur": true,
        "touchOnChange": false,
        "updateOrganization": [Function],
        "updateServiceAgentService": [Function],
        "updateUnregisteredFields": false,
        "validate": [Function],
      },
      "ref": null,
      "rendered": null,
      "type": Object {
        "$$typeof": Symbol(react.forward_ref),
        "defaultProps": Object {
          "destroyOnUnmount": true,
          "enableReinitialize": true,
          "forceUnregisterOnUnmount": false,
          "form": "EditSingleService",
          "getFormState": [Function],
          "keepDirtyOnReinitialize": false,
          "persistentSubmitErrors": false,
          "pure": true,
          "shouldAsyncValidate": [Function],
          "shouldError": [Function],
          "shouldValidate": [Function],
          "shouldWarn": [Function],
          "submitAsSideEffect": false,
          "touchOnBlur": true,
          "touchOnChange": false,
          "updateUnregisteredFields": false,
          "validate": [Function],
        },
        "displayName": "ReduxForm",
        "render": [Function],
        Symbol(Symbol.hasInstance): [Function],
      },
    },
    "type": Object {
      "$$typeof": Symbol(react.provider),
      "_context": Object {
        "$$typeof": Symbol(react.context),
        "Consumer": Object {
          "$$typeof": Symbol(react.context),
          "_calculateChangedBits": null,
          "_context": [Circular],
        },
        "Provider": [Circular],
        "_calculateChangedBits": null,
        "_currentRenderer": null,
        "_currentRenderer2": null,
        "_currentValue": null,
        "_currentValue2": null,
        "_threadCount": 0,
      },
    },
  },
  Symbol(enzyme.__nodes__): Array [
    Object {
      "instance": null,
      "key": undefined,
      "nodeType": "function",
      "props": Object {
        "children": <ForwardRef
          addOrganization={[Function]}
          categories={Array []}
          connectServiceAgent={[Function]}
          deleteSAService={[Function]}
          destroyOnUnmount={true}
          enableReinitialize={true}
          forceUnregisterOnUnmount={false}
          form="EditSingleService"
          formValues={Object {}}
          getCurrentOrgDetails={[Function]}
          getFormState={[Function]}
          getOrganization={[Function]}
          getOtherServiceAgent={[Function]}
          getServiceAgent={[Function]}
          industries={Array []}
          initialValues={Object {}}
          isDirty={false}
          keepDirtyOnReinitialize={false}
          persistentSubmitErrors={false}
          pure={true}
          services={Array []}
          shouldAsyncValidate={[Function]}
          shouldError={[Function]}
          shouldValidate={[Function]}
          shouldWarn={[Function]}
          store={
            Object {
              "clearActions": [Function],
              "dispatch": [Function],
              "getActions": [Function],
              "getState": [Function],
              "replaceReducer": [Function],
              "subscribe": [Function],
            }
          }
          subCategories={Array []}
          submitAsSideEffect={false}
          touchOnBlur={true}
          touchOnChange={false}
          updateOrganization={[Function]}
          updateServiceAgentService={[Function]}
          updateUnregisteredFields={false}
          validate={[Function]}
        />,
        "value": null,
      },
      "ref": null,
      "rendered": Object {
        "instance": null,
        "key": undefined,
        "nodeType": "function",
        "props": Object {
          "addOrganization": [Function],
          "categories": Array [],
          "connectServiceAgent": [Function],
          "deleteSAService": [Function],
          "destroyOnUnmount": true,
          "enableReinitialize": true,
          "forceUnregisterOnUnmount": false,
          "form": "EditSingleService",
          "formValues": Object {},
          "getCurrentOrgDetails": [Function],
          "getFormState": [Function],
          "getOrganization": [Function],
          "getOtherServiceAgent": [Function],
          "getServiceAgent": [Function],
          "industries": Array [],
          "initialValues": Object {},
          "isDirty": false,
          "keepDirtyOnReinitialize": false,
          "persistentSubmitErrors": false,
          "pure": true,
          "services": Array [],
          "shouldAsyncValidate": [Function],
          "shouldError": [Function],
          "shouldValidate": [Function],
          "shouldWarn": [Function],
          "store": Object {
            "clearActions": [Function],
            "dispatch": [Function],
            "getActions": [Function],
            "getState": [Function],
            "replaceReducer": [Function],
            "subscribe": [Function],
          },
          "subCategories": Array [],
          "submitAsSideEffect": false,
          "touchOnBlur": true,
          "touchOnChange": false,
          "updateOrganization": [Function],
          "updateServiceAgentService": [Function],
          "updateUnregisteredFields": false,
          "validate": [Function],
        },
        "ref": null,
        "rendered": null,
        "type": Object {
          "$$typeof": Symbol(react.forward_ref),
          "defaultProps": Object {
            "destroyOnUnmount": true,
            "enableReinitialize": true,
            "forceUnregisterOnUnmount": false,
            "form": "EditSingleService",
            "getFormState": [Function],
            "keepDirtyOnReinitialize": false,
            "persistentSubmitErrors": false,
            "pure": true,
            "shouldAsyncValidate": [Function],
            "shouldError": [Function],
            "shouldValidate": [Function],
            "shouldWarn": [Function],
            "submitAsSideEffect": false,
            "touchOnBlur": true,
            "touchOnChange": false,
            "updateUnregisteredFields": false,
            "validate": [Function],
          },
          "displayName": "ReduxForm",
          "render": [Function],
          Symbol(Symbol.hasInstance): [Function],
        },
      },
      "type": Object {
        "$$typeof": Symbol(react.provider),
        "_context": Object {
          "$$typeof": Symbol(react.context),
          "Consumer": Object {
            "$$typeof": Symbol(react.context),
            "_calculateChangedBits": null,
            "_context": [Circular],
          },
          "Provider": [Circular],
          "_calculateChangedBits": null,
          "_currentRenderer": null,
          "_currentRenderer2": null,
          "_currentValue": null,
          "_currentValue2": null,
          "_threadCount": 0,
        },
      },
    },
  ],
  Symbol(enzyme.__options__): Object {
    "adapter": ReactSixteenAdapter {
      "options": Object {
        "enableComponentDidUpdateOnSetState": true,
        "legacyContextMode": "parent",
        "lifecycles": Object {
          "componentDidUpdate": Object {
            "onSetState": true,
          },
          "getChildContext": Object {
            "calledByRenderer": false,
          },
          "getDerivedStateFromError": true,
          "getDerivedStateFromProps": Object {
            "hasShouldComponentUpdateBug": false,
          },
          "getSnapshotBeforeUpdate": true,
          "setState": Object {
            "skipsComponentDidUpdateOnNullish": true,
          },
        },
      },
    },
    "disableLifecycleMethods": true,
    Symbol(enzyme.__providerValues__): undefined,
  },
  Symbol(enzyme.__providerValues__): Map {},
}
`;
